2026-07-07T11:49:52Z INF Thank you for trying Cloudflare Tunnel. Doing so, without a Cloudflare account, is a quick way to experiment and try it out. However, be aware that these account-less Tunnels have no uptime guarantee, are subject to the Cloudflare Online Services Terms of Use (https://www.cloudflare.com/website-terms/), and Cloudflare reserves the right to investigate your use of Tunnels for violations of such terms. If you intend to use Tunnels in production you should use a pre-created named tunnel by following: https://developers.cloudflare.com/cloudflare-one/connections/connect-apps
2026-07-07T11:49:52Z INF Requesting new quick Tunnel on trycloudflare.com...
2026-07-07T11:50:00Z INF +--------------------------------------------------------------------------------------------+
2026-07-07T11:50:00Z INF |  Your quick Tunnel has been created! Visit it at (it may take some time to be reachable):  |
2026-07-07T11:50:00Z INF |  https://leone-fought-other-ali.trycloudflare.com                                          |
2026-07-07T11:50:00Z INF +--------------------------------------------------------------------------------------------+
2026-07-07T11:50:00Z INF Cannot determine default configuration path. No file [config.yml config.yaml] in [~/.cloudflared ~/.cloudflare-warp ~/cloudflare-warp /etc/cloudflared /usr/local/etc/cloudflared]
2026-07-07T11:50:00Z INF Version 2026.6.1 (Checksum 5861a10a438fe8ddcfebb3b830f83966cbf193edafce0fe2eeb198fbae1f7a22)
2026-07-07T11:50:00Z INF GOOS: linux, GOVersion: go1.26.4, GoArch: amd64
2026-07-07T11:50:00Z INF Settings: map[ha-connections:1 protocol:quic url:http://localhost:5173]
2026-07-07T11:50:00Z INF Autoupdate frequency is set autoupdateFreq=86400000
2026-07-07T11:50:00Z INF Generated Connector ID: c3f35774-d419-4cda-b912-bd25136d1add
2026-07-07T11:50:00Z INF Initial protocol quic
2026-07-07T11:50:00Z INF ICMP proxy will use 10.20.4.168 as source for IPv4
2026-07-07T11:50:00Z INF ICMP proxy will use 2409:40f4:201c:7cd9:bf9e:c9e8:f1e2:d2 in zone wlan0 as source for IPv6
2026-07-07T11:50:00Z INF ICMP proxy will use 10.20.4.168 as source for IPv4
2026-07-07T11:50:00Z INF ICMP proxy will use 2409:40f4:201c:7cd9:bf9e:c9e8:f1e2:d2 in zone wlan0 as source for IPv6
2026-07-07T11:50:00Z INF Starting metrics server on 127.0.0.1:20241/metrics
2026-07-07T11:50:00Z INF Tunnel connection curve preferences: [X25519MLKEM768 CurveID(65074) CurveP256] connIndex=0 event=0 ip=2606:4700:a8::6
2026-07-07T11:50:00Z INF +-------------------------------------------------------------------------------------+
2026-07-07T11:50:00Z INF |                               CONNECTIVITY PRE-CHECKS                               |
2026-07-07T11:50:00Z INF +-------------------------------------------------------------------------------------+
2026-07-07T11:50:00Z INF |  COMPONENT         TARGET                     STATUS  DETAILS                       |
2026-07-07T11:50:00Z INF |  DNS Resolution    region1.v2.argotunnel.com  PASS    DNS Resolved successfully     |
2026-07-07T11:50:00Z INF |  DNS Resolution    region2.v2.argotunnel.com  PASS    DNS Resolved successfully     |
2026-07-07T11:50:00Z INF |  UDP Connectivity  region1.v2.argotunnel.com  PASS    QUIC connection successful    |
2026-07-07T11:50:00Z INF |  UDP Connectivity  region2.v2.argotunnel.com  PASS    QUIC connection successful    |
2026-07-07T11:50:00Z INF |  TCP Connectivity  region1.v2.argotunnel.com  PASS    HTTP/2 connection successful  |
2026-07-07T11:50:00Z INF |  TCP Connectivity  region2.v2.argotunnel.com  PASS    HTTP/2 connection successful  |
2026-07-07T11:50:00Z INF |  Cloudflare API    api.cloudflare.com:443     PASS    API is reachable              |
2026-07-07T11:50:00Z INF |                                                                                     |
2026-07-07T11:50:00Z INF |  SUMMARY: Environment is healthy. cloudflared will use 'quic' as primary protocol.  |
2026-07-07T11:50:00Z INF +-------------------------------------------------------------------------------------+
2026-07-07T11:50:00Z INF precheck component="DNS Resolution" details="DNS Resolved successfully" run_id=42aefde8-f1d0-403b-b5a4-abe4f0f351b8 status=pass target=region1.v2.argotunnel.com
2026-07-07T11:50:00Z INF precheck component="DNS Resolution" details="DNS Resolved successfully" run_id=42aefde8-f1d0-403b-b5a4-abe4f0f351b8 status=pass target=region2.v2.argotunnel.com
2026-07-07T11:50:00Z INF precheck component="UDP Connectivity" details="QUIC connection successful" run_id=42aefde8-f1d0-403b-b5a4-abe4f0f351b8 status=pass target=region1.v2.argotunnel.com
2026-07-07T11:50:00Z INF precheck component="UDP Connectivity" details="QUIC connection successful" run_id=42aefde8-f1d0-403b-b5a4-abe4f0f351b8 status=pass target=region2.v2.argotunnel.com
2026-07-07T11:50:00Z INF precheck component="TCP Connectivity" details="HTTP/2 connection successful" run_id=42aefde8-f1d0-403b-b5a4-abe4f0f351b8 status=pass target=region1.v2.argotunnel.com
2026-07-07T11:50:00Z INF precheck component="TCP Connectivity" details="HTTP/2 connection successful" run_id=42aefde8-f1d0-403b-b5a4-abe4f0f351b8 status=pass target=region2.v2.argotunnel.com
2026-07-07T11:50:00Z INF precheck component="Cloudflare API" details="API is reachable" run_id=42aefde8-f1d0-403b-b5a4-abe4f0f351b8 status=pass target=api.cloudflare.com:443
2026-07-07T11:50:00Z INF precheck complete hard_fail=false run_id=42aefde8-f1d0-403b-b5a4-abe4f0f351b8 suggested_protocol=quic
2026-07-07T11:50:02Z INF Registered tunnel connection connIndex=0 connection=50711d07-b11a-49a4-b6e3-5302be7ec84c event=0 ip=2606:4700:a8::6 location=bom10 protocol=quic
2026-07-07T11:51:04Z ERR  error="stream 69 canceled by remote with error code 0" connIndex=0 event=1 ingressRule=0 originService=http://localhost:5173
2026-07-07T11:51:04Z ERR Request failed error="stream 69 canceled by remote with error code 0" connIndex=0 dest=https://leone-fought-other-ali.trycloudflare.com/node_modules/.vite/deps/chunk-GKJBSOWT.js?v=f8a816a8 event=0 ip=2606:4700:a8::6 type=http
2026-07-07T11:51:05Z ERR  error="stream 97 canceled by remote with error code 0" connIndex=0 event=1 ingressRule=0 originService=http://localhost:5173
2026-07-07T11:51:05Z ERR Request failed error="stream 97 canceled by remote with error code 0" connIndex=0 dest=https://leone-fought-other-ali.trycloudflare.com/node_modules/.vite/deps/framer-motion.js?v=f8a816a8 event=0 ip=2606:4700:a8::6 type=http
2026-07-07T11:51:06Z ERR  error="stream 125 canceled by remote with error code 0" connIndex=0 event=1 ingressRule=0 originService=http://localhost:5173
2026-07-07T11:51:06Z ERR Request failed error="stream 125 canceled by remote with error code 0" connIndex=0 dest=https://leone-fought-other-ali.trycloudflare.com/node_modules/.vite/deps/react-router-dom.js?v=f8a816a8 event=0 ip=2606:4700:a8::6 type=http
2026-07-07T11:51:07Z ERR  error="stream 157 canceled by remote with error code 0" connIndex=0 event=1 ingressRule=0 originService=http://localhost:5173
2026-07-07T11:51:07Z ERR Request failed error="stream 157 canceled by remote with error code 0" connIndex=0 dest=https://leone-fought-other-ali.trycloudflare.com/node_modules/.vite/deps/chunk-GKJBSOWT.js?v=f8a816a8 event=0 ip=2606:4700:a8::6 type=http
2026-07-07T11:51:07Z ERR  error="stream 1897 canceled by remote with error code 0" connIndex=0 event=1 ingressRule=0 originService=http://localhost:5173
2026-07-07T11:51:07Z ERR Request failed error="stream 1897 canceled by remote with error code 0" connIndex=0 dest=https://leone-fought-other-ali.trycloudflare.com/@vite/client event=0 ip=2606:4700:a8::6 type=http
2026-07-07T11:51:12Z ERR  error="stream 373 canceled by remote with error code 0" connIndex=0 event=1 ingressRule=0 originService=http://localhost:5173
2026-07-07T11:51:12Z ERR Request failed error="stream 373 canceled by remote with error code 0" connIndex=0 dest=https://leone-fought-other-ali.trycloudflare.com/@vite/client event=0 ip=2606:4700:a8::6 type=http
2026-07-07T11:51:13Z ERR  error="stream 457 canceled by remote with error code 0" connIndex=0 event=1 ingressRule=0 originService=http://localhost:5173
2026-07-07T11:51:13Z ERR Request failed error="stream 457 canceled by remote with error code 0" connIndex=0 dest=https://leone-fought-other-ali.trycloudflare.com/@vite/client event=0 ip=2606:4700:a8::6 type=http
2026-07-07T11:51:13Z ERR  error="stream 461 canceled by remote with error code 0" connIndex=0 event=1 ingressRule=0 originService=http://localhost:5173
2026-07-07T11:51:13Z ERR Request failed error="stream 461 canceled by remote with error code 0" connIndex=0 dest=https://leone-fought-other-ali.trycloudflare.com/@react-refresh event=0 ip=2606:4700:a8::6 type=http
2026-07-07T11:51:14Z ERR  error="stream 493 canceled by remote with error code 0" connIndex=0 event=1 ingressRule=0 originService=http://localhost:5173
2026-07-07T11:51:14Z ERR Request failed error="stream 493 canceled by remote with error code 0" connIndex=0 dest=https://leone-fought-other-ali.trycloudflare.com/src/pages/AdminDashboardSecure.jsx event=0 ip=2606:4700:a8::6 type=http
2026-07-07T11:51:14Z ERR  error="stream 469 canceled by remote with error code 0" connIndex=0 event=1 ingressRule=0 originService=http://localhost:5173
2026-07-07T11:51:14Z ERR Request failed error="stream 469 canceled by remote with error code 0" connIndex=0 dest=https://leone-fought-other-ali.trycloudflare.com/node_modules/.vite/deps/react-router-dom.js?v=f8a816a8 event=0 ip=2606:4700:a8::6 type=http
2026-07-07T11:51:14Z ERR  error="stream 501 canceled by remote with error code 0" connIndex=0 event=1 ingressRule=0 originService=http://localhost:5173
2026-07-07T11:51:14Z ERR Request failed error="stream 501 canceled by remote with error code 0" connIndex=0 dest=https://leone-fought-other-ali.trycloudflare.com/node_modules/.vite/deps/chunk-GKJBSOWT.js?v=f8a816a8 event=0 ip=2606:4700:a8::6 type=http
2026-07-07T11:51:15Z ERR  error="stream 577 canceled by remote with error code 0" connIndex=0 event=1 ingressRule=0 originService=http://localhost:5173
2026-07-07T11:51:15Z ERR Request failed error="stream 577 canceled by remote with error code 0" connIndex=0 dest=https://leone-fought-other-ali.trycloudflare.com/node_modules/.vite/deps/react-hook-form.js?v=f8a816a8 event=0 ip=2606:4700:a8::6 type=http
2026-07-07T11:51:15Z ERR  error="stream 597 canceled by remote with error code 0" connIndex=0 event=1 ingressRule=0 originService=http://localhost:5173
2026-07-07T11:51:15Z ERR Request failed error="stream 597 canceled by remote with error code 0" connIndex=0 dest=https://leone-fought-other-ali.trycloudflare.com/@vite/client event=0 ip=2606:4700:a8::6 type=http
2026-07-07T11:51:15Z ERR  error="stream 589 canceled by remote with error code 0" connIndex=0 event=1 ingressRule=0 originService=http://localhost:5173
2026-07-07T11:51:15Z ERR Request failed error="stream 589 canceled by remote with error code 0" connIndex=0 dest=https://leone-fought-other-ali.trycloudflare.com/@react-refresh event=0 ip=2606:4700:a8::6 type=http
2026-07-07T11:51:15Z ERR  error="stream 669 canceled by remote with error code 0" connIndex=0 event=1 ingressRule=0 originService=http://localhost:5173
2026-07-07T11:51:15Z ERR Request failed error="stream 669 canceled by remote with error code 0" connIndex=0 dest=https://leone-fought-other-ali.trycloudflare.com/node_modules/.vite/deps/socket__io-client.js?v=f8a816a8 event=0 ip=2606:4700:a8::6 type=http
2026-07-07T11:51:16Z ERR  error="stream 733 canceled by remote with error code 0" connIndex=0 event=1 ingressRule=0 originService=http://localhost:5173
2026-07-07T11:51:16Z ERR Request failed error="stream 733 canceled by remote with error code 0" connIndex=0 dest=https://leone-fought-other-ali.trycloudflare.com/node_modules/.vite/deps/react-router-dom.js?v=f8a816a8 event=0 ip=2606:4700:a8::6 type=http
2026-07-07T11:51:16Z ERR  error="stream 753 canceled by remote with error code 0" connIndex=0 event=1 ingressRule=0 originService=http://localhost:5173
2026-07-07T11:51:16Z ERR Request failed error="stream 753 canceled by remote with error code 0" connIndex=0 dest=https://leone-fought-other-ali.trycloudflare.com/src/pages/AdminDashboardSecure.jsx event=0 ip=2606:4700:a8::6 type=http
2026-07-07T11:51:16Z ERR  error="stream 645 canceled by remote with error code 0" connIndex=0 event=1 ingressRule=0 originService=http://localhost:5173
2026-07-07T11:51:16Z ERR Request failed error="stream 645 canceled by remote with error code 0" connIndex=0 dest=https://leone-fought-other-ali.trycloudflare.com/src/pages/AdminDashboardSecure.jsx event=0 ip=2606:4700:a8::6 type=http
2026-07-07T11:51:16Z ERR  error="stream 621 canceled by remote with error code 0" connIndex=0 event=1 ingressRule=0 originService=http://localhost:5173
2026-07-07T11:51:16Z ERR  error="stream 397 canceled by remote with error code 0" connIndex=0 event=1 ingressRule=0 originService=http://localhost:5173
2026-07-07T11:51:16Z ERR Request failed error="stream 621 canceled by remote with error code 0" connIndex=0 dest=https://leone-fought-other-ali.trycloudflare.com/node_modules/.vite/deps/react-router-dom.js?v=f8a816a8 event=0 ip=2606:4700:a8::6 type=http
2026-07-07T11:51:16Z ERR Request failed error="stream 397 canceled by remote with error code 0" connIndex=0 dest=https://leone-fought-other-ali.trycloudflare.com/@vite/client event=0 ip=2606:4700:a8::6 type=http
2026-07-07T11:51:16Z ERR  error="stream 393 canceled by remote with error code 0" connIndex=0 event=1 ingressRule=0 originService=http://localhost:5173
2026-07-07T11:51:16Z ERR Request failed error="stream 393 canceled by remote with error code 0" connIndex=0 dest=https://leone-fought-other-ali.trycloudflare.com/@react-refresh event=0 ip=2606:4700:a8::6 type=http
2026-07-07T11:51:16Z ERR  error="stream 797 canceled by remote with error code 0" connIndex=0 event=1 ingressRule=0 originService=http://localhost:5173
2026-07-07T11:51:16Z ERR Request failed error="stream 797 canceled by remote with error code 0" connIndex=0 dest=https://leone-fought-other-ali.trycloudflare.com/node_modules/.vite/deps/chunk-GKJBSOWT.js?v=f8a816a8 event=0 ip=2606:4700:a8::6 type=http
2026-07-07T11:51:17Z ERR  error="stream 821 canceled by remote with error code 0" connIndex=0 event=1 ingressRule=0 originService=http://localhost:5173
2026-07-07T11:51:17Z ERR Request failed error="stream 821 canceled by remote with error code 0" connIndex=0 dest=https://leone-fought-other-ali.trycloudflare.com/node_modules/.vite/deps/chunk-GKJBSOWT.js?v=f8a816a8 event=0 ip=2606:4700:a8::6 type=http
2026-07-07T11:51:18Z ERR  error="stream 885 canceled by remote with error code 0" connIndex=0 event=1 ingressRule=0 originService=http://localhost:5173
2026-07-07T11:51:18Z ERR Request failed error="stream 885 canceled by remote with error code 0" connIndex=0 dest=https://leone-fought-other-ali.trycloudflare.com/@react-refresh event=0 ip=2606:4700:a8::6 type=http
2026-07-07T11:51:18Z ERR  error="stream 873 canceled by remote with error code 0" connIndex=0 event=1 ingressRule=0 originService=http://localhost:5173
2026-07-07T11:51:18Z ERR Request failed error="stream 873 canceled by remote with error code 0" connIndex=0 dest=https://leone-fought-other-ali.trycloudflare.com/src/pages/AdminDashboardSecure.jsx event=0 ip=2606:4700:a8::6 type=http
2026-07-07T11:51:18Z ERR  error="stream 841 canceled by remote with error code 0" connIndex=0 event=1 ingressRule=0 originService=http://localhost:5173
2026-07-07T11:51:18Z ERR Request failed error="stream 841 canceled by remote with error code 0" connIndex=0 dest=https://leone-fought-other-ali.trycloudflare.com/@vite/client event=0 ip=2606:4700:a8::6 type=http
2026-07-07T11:51:19Z ERR  error="stream 865 canceled by remote with error code 0" connIndex=0 event=1 ingressRule=0 originService=http://localhost:5173
2026-07-07T11:51:19Z ERR Request failed error="stream 865 canceled by remote with error code 0" connIndex=0 dest=https://leone-fought-other-ali.trycloudflare.com/node_modules/.vite/deps/react-router-dom.js?v=f8a816a8 event=0 ip=2606:4700:a8::6 type=http
2026-07-07T11:51:20Z ERR  error="stream 1013 canceled by remote with error code 0" connIndex=0 event=1 ingressRule=0 originService=http://localhost:5173
2026-07-07T11:51:20Z ERR Request failed error="stream 1013 canceled by remote with error code 0" connIndex=0 dest=https://leone-fought-other-ali.trycloudflare.com/node_modules/.vite/deps/chunk-GKJBSOWT.js?v=f8a816a8 event=0 ip=2606:4700:a8::6 type=http
2026-07-07T11:51:21Z ERR  error="stream 2329 canceled by remote with error code 0" connIndex=0 event=1 ingressRule=0 originService=http://localhost:5173
2026-07-07T11:51:21Z ERR Request failed error="stream 2329 canceled by remote with error code 0" connIndex=0 dest=https://leone-fought-other-ali.trycloudflare.com/node_modules/.vite/deps/chunk-QJTFJ6OV.js?v=f8a816a8 event=0 ip=2606:4700:a8::6 type=http
2026-07-07T11:51:21Z ERR  error="stream 2245 canceled by remote with error code 0" connIndex=0 event=1 ingressRule=0 originService=http://localhost:5173
2026-07-07T11:51:21Z ERR Request failed error="stream 2245 canceled by remote with error code 0" connIndex=0 dest=https://leone-fought-other-ali.trycloudflare.com/node_modules/.vite/deps/react_jsx-dev-runtime.js?v=f8a816a8 event=0 ip=2606:4700:a8::6 type=http
2026-07-07T11:51:21Z ERR  error="stream 2257 canceled by remote with error code 0" connIndex=0 event=1 ingressRule=0 originService=http://localhost:5173
2026-07-07T11:51:21Z ERR Request failed error="stream 2257 canceled by remote with error code 0" connIndex=0 dest=https://leone-fought-other-ali.trycloudflare.com/node_modules/.vite/deps/react-router-dom.js?v=f8a816a8 event=0 ip=2606:4700:a8::6 type=http
2026-07-07T11:51:21Z ERR  error="stream 2265 canceled by remote with error code 0" connIndex=0 event=1 ingressRule=0 originService=http://localhost:5173
2026-07-07T11:51:21Z ERR Request failed error="stream 2265 canceled by remote with error code 0" connIndex=0 dest=https://leone-fought-other-ali.trycloudflare.com/src/pages/LeaderboardPage.jsx event=0 ip=2606:4700:a8::6 type=http
2026-07-07T11:51:21Z ERR  error="stream 2341 canceled by remote with error code 0" connIndex=0 event=1 ingressRule=0 originService=http://localhost:5173
2026-07-07T11:51:21Z ERR Request failed error="stream 2341 canceled by remote with error code 0" connIndex=0 dest=https://leone-fought-other-ali.trycloudflare.com/node_modules/.vite/deps/chunk-V4OQ3NZ2.js?v=f8a816a8 event=0 ip=2606:4700:a8::6 type=http
2026-07-07T11:51:21Z ERR  error="stream 2333 canceled by remote with error code 0" connIndex=0 event=1 ingressRule=0 originService=http://localhost:5173
2026-07-07T11:51:21Z ERR Request failed error="stream 2333 canceled by remote with error code 0" connIndex=0 dest=https://leone-fought-other-ali.trycloudflare.com/node_modules/.vite/deps/chunk-GKJBSOWT.js?v=f8a816a8 event=0 ip=2606:4700:a8::6 type=http
2026-07-07T11:51:21Z ERR  error="stream 2261 canceled by remote with error code 0" connIndex=0 event=1 ingressRule=0 originService=http://localhost:5173
2026-07-07T11:51:21Z ERR Request failed error="stream 2261 canceled by remote with error code 0" connIndex=0 dest=https://leone-fought-other-ali.trycloudflare.com/src/App.jsx event=0 ip=2606:4700:a8::6 type=http
2026-07-07T11:51:21Z ERR  error="stream 2281 canceled by remote with error code 0" connIndex=0 event=1 ingressRule=0 originService=http://localhost:5173
2026-07-07T11:51:21Z ERR Request failed error="stream 2281 canceled by remote with error code 0" connIndex=0 dest=https://leone-fought-other-ali.trycloudflare.com/src/pages/QuizPage.jsx event=0 ip=2606:4700:a8::6 type=http
2026-07-07T11:51:21Z ERR  error="stream 2273 canceled by remote with error code 0" connIndex=0 event=1 ingressRule=0 originService=http://localhost:5173
2026-07-07T11:51:21Z ERR Request failed error="stream 2273 canceled by remote with error code 0" connIndex=0 dest=https://leone-fought-other-ali.trycloudflare.com/src/index.css event=0 ip=2606:4700:a8::6 type=http
2026-07-07T11:51:21Z ERR  error="stream 2277 canceled by remote with error code 0" connIndex=0 event=1 ingressRule=0 originService=http://localhost:5173
2026-07-07T11:51:21Z ERR Request failed error="stream 2277 canceled by remote with error code 0" connIndex=0 dest=https://leone-fought-other-ali.trycloudflare.com/src/pages/AdminDashboardSecure.jsx event=0 ip=2606:4700:a8::6 type=http
2026-07-07T11:51:21Z ERR  error="stream 2269 canceled by remote with error code 0" connIndex=0 event=1 ingressRule=0 originService=http://localhost:5173
2026-07-07T11:51:21Z ERR Request failed error="stream 2269 canceled by remote with error code 0" connIndex=0 dest=https://leone-fought-other-ali.trycloudflare.com/src/pages/StudentRegister.jsx event=0 ip=2606:4700:a8::6 type=http
2026-07-07T11:51:22Z ERR  error="stream 1057 canceled by remote with error code 0" connIndex=0 event=1 ingressRule=0 originService=http://localhost:5173
2026-07-07T11:51:22Z ERR Request failed error="stream 1057 canceled by remote with error code 0" connIndex=0 dest=https://leone-fought-other-ali.trycloudflare.com/src/pages/AdminDashboardSecure.jsx event=0 ip=2606:4700:a8::6 type=http
2026-07-07T11:51:22Z ERR  error="stream 1069 canceled by remote with error code 0" connIndex=0 event=1 ingressRule=0 originService=http://localhost:5173
2026-07-07T11:51:22Z ERR Request failed error="stream 1069 canceled by remote with error code 0" connIndex=0 dest=https://leone-fought-other-ali.trycloudflare.com/node_modules/.vite/deps/react-router-dom.js?v=f8a816a8 event=0 ip=2606:4700:a8::6 type=http
2026-07-07T11:51:22Z ERR  error="stream 1241 canceled by remote with error code 0" connIndex=0 event=1 ingressRule=0 originService=http://localhost:5173
2026-07-07T11:51:22Z ERR Request failed error="stream 1241 canceled by remote with error code 0" connIndex=0 dest=https://leone-fought-other-ali.trycloudflare.com/@vite/client event=0 ip=2606:4700:a8::6 type=http
2026-07-07T11:51:23Z ERR  error="stream 1249 canceled by remote with error code 0" connIndex=0 event=1 ingressRule=0 originService=http://localhost:5173
2026-07-07T11:51:23Z ERR Request failed error="stream 1249 canceled by remote with error code 0" connIndex=0 dest=https://leone-fought-other-ali.trycloudflare.com/@react-refresh event=0 ip=2606:4700:a8::6 type=http
2026-07-07T11:51:23Z ERR  error="stream 1321 canceled by remote with error code 0" connIndex=0 event=1 ingressRule=0 originService=http://localhost:5173
2026-07-07T11:51:23Z ERR Request failed error="stream 1321 canceled by remote with error code 0" connIndex=0 dest=https://leone-fought-other-ali.trycloudflare.com/node_modules/.vite/deps/chunk-GKJBSOWT.js?v=f8a816a8 event=0 ip=2606:4700:a8::6 type=http
2026-07-07T11:51:24Z ERR  error="stream 2453 canceled by remote with error code 0" connIndex=0 event=1 ingressRule=0 originService=http://localhost:5173
2026-07-07T11:51:24Z ERR Request failed error="stream 2453 canceled by remote with error code 0" connIndex=0 dest=https://leone-fought-other-ali.trycloudflare.com/node_modules/.vite/deps/chunk-GKJBSOWT.js?v=f8a816a8 event=0 ip=2606:4700:a8::6 type=http
2026-07-07T11:51:30Z ERR  error="stream 2733 canceled by remote with error code 0" connIndex=0 event=1 ingressRule=0 originService=http://localhost:5173
2026-07-07T11:51:30Z ERR Request failed error="stream 2733 canceled by remote with error code 0" connIndex=0 dest=https://leone-fought-other-ali.trycloudflare.com/@react-refresh event=0 ip=2606:4700:a8::6 type=http
2026-07-07T11:51:30Z ERR  error="stream 2729 canceled by remote with error code 0" connIndex=0 event=1 ingressRule=0 originService=http://localhost:5173
2026-07-07T11:51:30Z ERR Request failed error="stream 2729 canceled by remote with error code 0" connIndex=0 dest=https://leone-fought-other-ali.trycloudflare.com/@vite/client event=0 ip=2606:4700:a8::6 type=http
2026-07-07T11:51:30Z ERR  error="stream 1569 canceled by remote with error code 0" connIndex=0 event=1 ingressRule=0 originService=http://localhost:5173
2026-07-07T11:51:30Z ERR Request failed error="stream 1569 canceled by remote with error code 0" connIndex=0 dest=https://leone-fought-other-ali.trycloudflare.com/node_modules/.vite/deps/react-hook-form.js?v=f8a816a8 event=0 ip=2606:4700:a8::6 type=http
2026-07-07T11:51:31Z ERR  error="stream 1609 canceled by remote with error code 0" connIndex=0 event=1 ingressRule=0 originService=http://localhost:5173
2026-07-07T11:51:31Z ERR Request failed error="stream 1609 canceled by remote with error code 0" connIndex=0 dest=https://leone-fought-other-ali.trycloudflare.com/@react-refresh event=0 ip=2606:4700:a8::6 type=http
2026-07-07T11:51:31Z ERR  error="stream 977 canceled by remote with error code 0" connIndex=0 event=1 ingressRule=0 originService=http://localhost:5173
2026-07-07T11:51:31Z ERR Request failed error="stream 977 canceled by remote with error code 0" connIndex=0 dest=https://leone-fought-other-ali.trycloudflare.com/node_modules/.vite/deps/react-router-dom.js?v=f8a816a8 event=0 ip=2606:4700:a8::6 type=http
2026-07-07T11:51:31Z ERR  error="stream 765 canceled by remote with error code 0" connIndex=0 event=1 ingressRule=0 originService=http://localhost:5173
2026-07-07T11:51:31Z ERR Request failed error="stream 765 canceled by remote with error code 0" connIndex=0 dest=https://leone-fought-other-ali.trycloudflare.com/@vite/client event=0 ip=2606:4700:a8::6 type=http
2026-07-07T11:51:31Z ERR  error="stream 1037 canceled by remote with error code 0" connIndex=0 event=1 ingressRule=0 originService=http://localhost:5173
2026-07-07T11:51:31Z ERR Request failed error="stream 1037 canceled by remote with error code 0" connIndex=0 dest=https://leone-fought-other-ali.trycloudflare.com/node_modules/.vite/deps/chunk-GKJBSOWT.js?v=f8a816a8 event=0 ip=2606:4700:a8::6 type=http
2026-07-07T11:51:31Z ERR  error="stream 413 canceled by remote with error code 0" connIndex=0 event=1 ingressRule=0 originService=http://localhost:5173
2026-07-07T11:51:31Z ERR Request failed error="stream 413 canceled by remote with error code 0" connIndex=0 dest=https://leone-fought-other-ali.trycloudflare.com/node_modules/.vite/deps/react-router-dom.js?v=f8a816a8 event=0 ip=2606:4700:a8::6 type=http
2026-07-07T11:51:31Z ERR  error="stream 565 canceled by remote with error code 0" connIndex=0 event=1 ingressRule=0 originService=http://localhost:5173
2026-07-07T11:51:31Z ERR Request failed error="stream 565 canceled by remote with error code 0" connIndex=0 dest=https://leone-fought-other-ali.trycloudflare.com/node_modules/.vite/deps/chunk-GKJBSOWT.js?v=f8a816a8 event=0 ip=2606:4700:a8::6 type=http
2026-07-07T11:51:31Z ERR  error="stream 1645 canceled by remote with error code 0" connIndex=0 event=1 ingressRule=0 originService=http://localhost:5173
2026-07-07T11:51:31Z ERR Request failed error="stream 1645 canceled by remote with error code 0" connIndex=0 dest=https://leone-fought-other-ali.trycloudflare.com/node_modules/.vite/deps/socket__io-client.js?v=f8a816a8 event=0 ip=2606:4700:a8::6 type=http
2026-07-07T11:51:32Z ERR  error="stream 1665 canceled by remote with error code 0" connIndex=0 event=1 ingressRule=0 originService=http://localhost:5173
2026-07-07T11:51:32Z ERR Request failed error="stream 1665 canceled by remote with error code 0" connIndex=0 dest=https://leone-fought-other-ali.trycloudflare.com/node_modules/.vite/deps/react-hook-form.js?v=f8a816a8 event=0 ip=2606:4700:a8::6 type=http
2026-07-07T11:51:32Z ERR  error="stream 1333 canceled by remote with error code 0" connIndex=0 event=1 ingressRule=0 originService=http://localhost:5173
2026-07-07T11:51:32Z ERR Request failed error="stream 1333 canceled by remote with error code 0" connIndex=0 dest=https://leone-fought-other-ali.trycloudflare.com/node_modules/.vite/deps/chunk-GKJBSOWT.js?v=f8a816a8 event=0 ip=2606:4700:a8::6 type=http
2026-07-07T11:51:32Z ERR  error="stream 1101 canceled by remote with error code 0" connIndex=0 event=1 ingressRule=0 originService=http://localhost:5173
2026-07-07T11:51:32Z ERR Request failed error="stream 1101 canceled by remote with error code 0" connIndex=0 dest=https://leone-fought-other-ali.trycloudflare.com/node_modules/.vite/deps/react-router-dom.js?v=f8a816a8 event=0 ip=2606:4700:a8::6 type=http
2026-07-07T11:51:32Z ERR  error="stream 897 canceled by remote with error code 0" connIndex=0 event=1 ingressRule=0 originService=http://localhost:5173
2026-07-07T11:51:32Z ERR Request failed error="stream 897 canceled by remote with error code 0" connIndex=0 dest=https://leone-fought-other-ali.trycloudflare.com/@vite/client event=0 ip=2606:4700:a8::6 type=http
2026-07-07T11:51:32Z ERR  error="stream 2741 canceled by remote with error code 0" connIndex=0 event=1 ingressRule=0 originService=http://localhost:5173
2026-07-07T11:51:32Z ERR Request failed error="stream 2741 canceled by remote with error code 0" connIndex=0 dest=https://leone-fought-other-ali.trycloudflare.com/node_modules/.vite/deps/framer-motion.js?v=f8a816a8 event=0 ip=2606:4700:a8::6 type=http
2026-07-07T11:51:32Z ERR  error="stream 1677 canceled by remote with error code 0" connIndex=0 event=1 ingressRule=0 originService=http://localhost:5173
2026-07-07T11:51:32Z ERR Request failed error="stream 1677 canceled by remote with error code 0" connIndex=0 dest=https://leone-fought-other-ali.trycloudflare.com/node_modules/.vite/deps/socket__io-client.js?v=f8a816a8 event=0 ip=2606:4700:a8::6 type=http
2026-07-07T11:51:32Z ERR  error="stream 2753 canceled by remote with error code 0" connIndex=0 event=1 ingressRule=0 originService=http://localhost:5173
2026-07-07T11:51:32Z ERR Request failed error="stream 2753 canceled by remote with error code 0" connIndex=0 dest=https://leone-fought-other-ali.trycloudflare.com/node_modules/.vite/deps/chunk-GKJBSOWT.js?v=f8a816a8 event=0 ip=2606:4700:a8::6 type=http
2026-07-07T11:51:32Z ERR  error="stream 2745 canceled by remote with error code 0" connIndex=0 event=1 ingressRule=0 originService=http://localhost:5173
2026-07-07T11:51:32Z ERR Request failed error="stream 2745 canceled by remote with error code 0" connIndex=0 dest=https://leone-fought-other-ali.trycloudflare.com/node_modules/.vite/deps/chunk-QJTFJ6OV.js?v=f8a816a8 event=0 ip=2606:4700:a8::6 type=http
2026-07-07T11:51:33Z ERR  error="stream 1689 canceled by remote with error code 0" connIndex=0 event=1 ingressRule=0 originService=http://localhost:5173
2026-07-07T11:51:33Z ERR Request failed error="stream 1689 canceled by remote with error code 0" connIndex=0 dest=https://leone-fought-other-ali.trycloudflare.com/node_modules/.vite/deps/react-hook-form.js?v=f8a816a8 event=0 ip=2606:4700:a8::6 type=http
2026-07-07T11:51:40Z ERR  error="stream 1921 canceled by remote with error code 0" connIndex=0 event=1 ingressRule=0 originService=http://localhost:5173
2026-07-07T11:51:40Z ERR Request failed error="stream 1921 canceled by remote with error code 0" connIndex=0 dest=https://leone-fought-other-ali.trycloudflare.com/@vite/client event=0 ip=2606:4700:a8::6 type=http
2026-07-07T11:51:40Z ERR  error="stream 1925 canceled by remote with error code 0" connIndex=0 event=1 ingressRule=0 originService=http://localhost:5173
2026-07-07T11:51:40Z ERR Request failed error="stream 1925 canceled by remote with error code 0" connIndex=0 dest=https://leone-fought-other-ali.trycloudflare.com/@react-refresh event=0 ip=2606:4700:a8::6 type=http
2026-07-07T11:51:42Z ERR  error="stream 1961 canceled by remote with error code 0" connIndex=0 event=1 ingressRule=0 originService=http://localhost:5173
2026-07-07T11:51:42Z ERR Request failed error="stream 1961 canceled by remote with error code 0" connIndex=0 dest=https://leone-fought-other-ali.trycloudflare.com/@react-refresh event=0 ip=2606:4700:a8::6 type=http
2026-07-07T11:51:42Z ERR  error="stream 1953 canceled by remote with error code 0" connIndex=0 event=1 ingressRule=0 originService=http://localhost:5173
2026-07-07T11:51:42Z ERR Request failed error="stream 1953 canceled by remote with error code 0" connIndex=0 dest=https://leone-fought-other-ali.trycloudflare.com/@vite/client event=0 ip=2606:4700:a8::6 type=http
2026-07-07T11:51:43Z ERR  error="stream 2013 canceled by remote with error code 0" connIndex=0 event=1 ingressRule=0 originService=http://localhost:5173
2026-07-07T11:51:43Z ERR Request failed error="stream 2013 canceled by remote with error code 0" connIndex=0 dest=https://leone-fought-other-ali.trycloudflare.com/@react-refresh event=0 ip=2606:4700:a8::6 type=http
2026-07-07T11:51:44Z ERR  error="stream 2017 canceled by remote with error code 0" connIndex=0 event=1 ingressRule=0 originService=http://localhost:5173
2026-07-07T11:51:44Z ERR Request failed error="stream 2017 canceled by remote with error code 0" connIndex=0 dest=https://leone-fought-other-ali.trycloudflare.com/@vite/client event=0 ip=2606:4700:a8::6 type=http
2026-07-07T11:51:45Z ERR  error="stream 3229 canceled by remote with error code 0" connIndex=0 event=1 ingressRule=0 originService=http://localhost:5173
2026-07-07T11:51:45Z ERR Request failed error="stream 3229 canceled by remote with error code 0" connIndex=0 dest=https://leone-fought-other-ali.trycloudflare.com/node_modules/.vite/deps/socket__io-client.js?v=f8a816a8 event=0 ip=2606:4700:a8::6 type=http
2026-07-07T11:51:46Z ERR  error="stream 2101 canceled by remote with error code 0" connIndex=0 event=1 ingressRule=0 originService=http://localhost:5173
2026-07-07T11:51:46Z ERR Request failed error="stream 2101 canceled by remote with error code 0" connIndex=0 dest=https://leone-fought-other-ali.trycloudflare.com/@react-refresh event=0 ip=2606:4700:a8::6 type=http
2026-07-07T11:51:46Z ERR  error="stream 2105 canceled by remote with error code 0" connIndex=0 event=1 ingressRule=0 originService=http://localhost:5173
2026-07-07T11:51:46Z ERR Request failed error="stream 2105 canceled by remote with error code 0" connIndex=0 dest=https://leone-fought-other-ali.trycloudflare.com/@vite/client event=0 ip=2606:4700:a8::6 type=http
2026-07-07T11:51:47Z ERR  error="stream 2141 canceled by remote with error code 0" connIndex=0 event=1 ingressRule=0 originService=http://localhost:5173
2026-07-07T11:51:47Z ERR Request failed error="stream 2141 canceled by remote with error code 0" connIndex=0 dest=https://leone-fought-other-ali.trycloudflare.com/node_modules/.vite/deps/chunk-GKJBSOWT.js?v=f8a816a8 event=0 ip=2606:4700:a8::6 type=http
2026-07-07T11:51:47Z ERR  error="stream 2137 canceled by remote with error code 0" connIndex=0 event=1 ingressRule=0 originService=http://localhost:5173
2026-07-07T11:51:47Z ERR Request failed error="stream 2137 canceled by remote with error code 0" connIndex=0 dest=https://leone-fought-other-ali.trycloudflare.com/src/pages/AdminDashboardSecure.jsx event=0 ip=2606:4700:a8::6 type=http
2026-07-07T11:51:47Z ERR  error="stream 2129 canceled by remote with error code 0" connIndex=0 event=1 ingressRule=0 originService=http://localhost:5173
2026-07-07T11:51:47Z ERR Request failed error="stream 2129 canceled by remote with error code 0" connIndex=0 dest=https://leone-fought-other-ali.trycloudflare.com/node_modules/.vite/deps/react-router-dom.js?v=f8a816a8 event=0 ip=2606:4700:a8::6 type=http
2026-07-07T11:51:48Z ERR  error="stream 1297 canceled by remote with error code 0" connIndex=0 event=1 ingressRule=0 originService=http://localhost:5173
2026-07-07T11:51:48Z ERR Request failed error="stream 1297 canceled by remote with error code 0" connIndex=0 dest=https://leone-fought-other-ali.trycloudflare.com/@vite/client event=0 ip=2606:4700:a8::6 type=http
2026-07-07T11:51:50Z ERR  error="stream 2209 canceled by remote with error code 0" connIndex=0 event=1 ingressRule=0 originService=http://localhost:5173
2026-07-07T11:51:50Z ERR Request failed error="stream 2209 canceled by remote with error code 0" connIndex=0 dest=https://leone-fought-other-ali.trycloudflare.com/@vite/client event=0 ip=2606:4700:a8::6 type=http
2026-07-07T11:51:50Z ERR  error="stream 2221 canceled by remote with error code 0" connIndex=0 event=1 ingressRule=0 originService=http://localhost:5173
2026-07-07T11:51:50Z ERR Request failed error="stream 2221 canceled by remote with error code 0" connIndex=0 dest=https://leone-fought-other-ali.trycloudflare.com/@react-refresh event=0 ip=2606:4700:a8::6 type=http
2026-07-07T11:51:50Z ERR  error="stream 3397 canceled by remote with error code 0" connIndex=0 event=1 ingressRule=0 originService=http://localhost:5173
2026-07-07T11:51:50Z ERR Request failed error="stream 3397 canceled by remote with error code 0" connIndex=0 dest=https://leone-fought-other-ali.trycloudflare.com/node_modules/.vite/deps/react-hook-form.js?v=f8a816a8 event=0 ip=2606:4700:a8::6 type=http
2026-07-07T11:51:51Z ERR  error="stream 2229 canceled by remote with error code 0" connIndex=0 event=1 ingressRule=0 originService=http://localhost:5173
2026-07-07T11:51:51Z ERR Request failed error="stream 2229 canceled by remote with error code 0" connIndex=0 dest=https://leone-fought-other-ali.trycloudflare.com/@vite/client event=0 ip=2606:4700:a8::6 type=http
2026-07-07T11:51:51Z ERR  error="stream 2233 canceled by remote with error code 0" connIndex=0 event=1 ingressRule=0 originService=http://localhost:5173
2026-07-07T11:51:51Z ERR Request failed error="stream 2233 canceled by remote with error code 0" connIndex=0 dest=https://leone-fought-other-ali.trycloudflare.com/@react-refresh event=0 ip=2606:4700:a8::6 type=http
2026-07-07T11:51:53Z ERR  error="stream 2297 canceled by remote with error code 0" connIndex=0 event=1 ingressRule=0 originService=http://localhost:5173
2026-07-07T11:51:53Z ERR Request failed error="stream 2297 canceled by remote with error code 0" connIndex=0 dest=https://leone-fought-other-ali.trycloudflare.com/node_modules/.vite/deps/react-router-dom.js?v=f8a816a8 event=0 ip=2606:4700:a8::6 type=http
2026-07-07T11:51:53Z ERR  error="stream 2345 canceled by remote with error code 0" connIndex=0 event=1 ingressRule=0 originService=http://localhost:5173
2026-07-07T11:51:53Z ERR Request failed error="stream 2345 canceled by remote with error code 0" connIndex=0 dest=https://leone-fought-other-ali.trycloudflare.com/src/pages/AdminDashboardSecure.jsx event=0 ip=2606:4700:a8::6 type=http
2026-07-07T11:51:53Z ERR  error="stream 2353 canceled by remote with error code 0" connIndex=0 event=1 ingressRule=0 originService=http://localhost:5173
2026-07-07T11:51:53Z ERR Request failed error="stream 2353 canceled by remote with error code 0" connIndex=0 dest=https://leone-fought-other-ali.trycloudflare.com/@react-refresh event=0 ip=2606:4700:a8::6 type=http
2026-07-07T11:51:53Z ERR  error="stream 2349 canceled by remote with error code 0" connIndex=0 event=1 ingressRule=0 originService=http://localhost:5173
2026-07-07T11:51:53Z ERR Request failed error="stream 2349 canceled by remote with error code 0" connIndex=0 dest=https://leone-fought-other-ali.trycloudflare.com/@vite/client event=0 ip=2606:4700:a8::6 type=http
2026-07-07T11:51:54Z ERR  error="stream 2397 canceled by remote with error code 0" connIndex=0 event=1 ingressRule=0 originService=http://localhost:5173
2026-07-07T11:51:54Z ERR Request failed error="stream 2397 canceled by remote with error code 0" connIndex=0 dest=https://leone-fought-other-ali.trycloudflare.com/src/pages/AdminDashboardSecure.jsx event=0 ip=2606:4700:a8::6 type=http
2026-07-07T11:51:54Z ERR  error="stream 2409 canceled by remote with error code 0" connIndex=0 event=1 ingressRule=0 originService=http://localhost:5173
2026-07-07T11:51:54Z ERR Request failed error="stream 2409 canceled by remote with error code 0" connIndex=0 dest=https://leone-fought-other-ali.trycloudflare.com/node_modules/.vite/deps/react-router-dom.js?v=f8a816a8 event=0 ip=2606:4700:a8::6 type=http
2026-07-07T11:51:54Z ERR  error="stream 2389 canceled by remote with error code 0" connIndex=0 event=1 ingressRule=0 originService=http://localhost:5173
2026-07-07T11:51:54Z ERR Request failed error="stream 2389 canceled by remote with error code 0" connIndex=0 dest=https://leone-fought-other-ali.trycloudflare.com/node_modules/.vite/deps/chunk-QJTFJ6OV.js?v=f8a816a8 event=0 ip=2606:4700:a8::6 type=http
2026-07-07T11:51:54Z ERR  error="stream 2445 canceled by remote with error code 0" connIndex=0 event=1 ingressRule=0 originService=http://localhost:5173
2026-07-07T11:51:54Z ERR  error="stream 1801 canceled by remote with error code 0" connIndex=0 event=1 ingressRule=0 originService=http://localhost:5173
2026-07-07T11:51:54Z ERR  error="stream 2365 canceled by remote with error code 0" connIndex=0 event=1 ingressRule=0 originService=http://localhost:5173
2026-07-07T11:51:54Z ERR Request failed error="stream 1801 canceled by remote with error code 0" connIndex=0 dest=https://leone-fought-other-ali.trycloudflare.com/@vite/client event=0 ip=2606:4700:a8::6 type=http
2026-07-07T11:51:54Z ERR Request failed error="stream 2445 canceled by remote with error code 0" connIndex=0 dest=https://leone-fought-other-ali.trycloudflare.com/node_modules/.vite/deps/chunk-QJTFJ6OV.js?v=f8a816a8 event=0 ip=2606:4700:a8::6 type=http
2026-07-07T11:51:54Z ERR Request failed error="stream 2365 canceled by remote with error code 0" connIndex=0 dest=https://leone-fought-other-ali.trycloudflare.com/node_modules/.vite/deps/react-router-dom.js?v=f8a816a8 event=0 ip=2606:4700:a8::6 type=http
2026-07-07T11:51:54Z ERR  error="stream 2401 canceled by remote with error code 0" connIndex=0 event=1 ingressRule=0 originService=http://localhost:5173
2026-07-07T11:51:54Z ERR Request failed error="stream 2401 canceled by remote with error code 0" connIndex=0 dest=https://leone-fought-other-ali.trycloudflare.com/node_modules/.vite/deps/chunk-QJTFJ6OV.js?v=f8a816a8 event=0 ip=2606:4700:a8::6 type=http
2026-07-07T11:51:54Z ERR  error="stream 2405 canceled by remote with error code 0" connIndex=0 event=1 ingressRule=0 originService=http://localhost:5173
2026-07-07T11:51:54Z ERR Request failed error="stream 2405 canceled by remote with error code 0" connIndex=0 dest=https://leone-fought-other-ali.trycloudflare.com/node_modules/.vite/deps/chunk-GKJBSOWT.js?v=f8a816a8 event=0 ip=2606:4700:a8::6 type=http
2026-07-07T11:51:56Z ERR  error="stream 3509 canceled by remote with error code 0" connIndex=0 event=1 ingressRule=0 originService=http://localhost:5173
2026-07-07T11:51:56Z ERR Request failed error="stream 3509 canceled by remote with error code 0" connIndex=0 dest=https://leone-fought-other-ali.trycloudflare.com/src/pages/QuizPage.jsx event=0 ip=2606:4700:a8::6 type=http
2026-07-07T11:51:56Z ERR  error="stream 3557 canceled by remote with error code 0" connIndex=0 event=1 ingressRule=0 originService=http://localhost:5173
2026-07-07T11:51:56Z ERR  error="stream 3497 canceled by remote with error code 0" connIndex=0 event=1 ingressRule=0 originService=http://localhost:5173
2026-07-07T11:51:56Z ERR  error="stream 3505 canceled by remote with error code 0" connIndex=0 event=1 ingressRule=0 originService=http://localhost:5173
2026-07-07T11:51:56Z ERR  error="stream 3485 canceled by remote with error code 0" connIndex=0 event=1 ingressRule=0 originService=http://localhost:5173
2026-07-07T11:51:56Z ERR Request failed error="stream 3505 canceled by remote with error code 0" connIndex=0 dest=https://leone-fought-other-ali.trycloudflare.com/src/index.css event=0 ip=2606:4700:a8::6 type=http
2026-07-07T11:51:56Z ERR  error="stream 3545 canceled by remote with error code 0" connIndex=0 event=1 ingressRule=0 originService=http://localhost:5173
2026-07-07T11:51:56Z ERR Request failed error="stream 3497 canceled by remote with error code 0" connIndex=0 dest=https://leone-fought-other-ali.trycloudflare.com/src/pages/AdminDashboardSecure.jsx event=0 ip=2606:4700:a8::6 type=http
2026-07-07T11:51:56Z ERR Request failed error="stream 3557 canceled by remote with error code 0" connIndex=0 dest=https://leone-fought-other-ali.trycloudflare.com/node_modules/.vite/deps/chunk-GKJBSOWT.js?v=f8a816a8 event=0 ip=2606:4700:a8::6 type=http
2026-07-07T11:51:56Z ERR Request failed error="stream 3485 canceled by remote with error code 0" connIndex=0 dest=https://leone-fought-other-ali.trycloudflare.com/node_modules/.vite/deps/react-router-dom.js?v=f8a816a8 event=0 ip=2606:4700:a8::6 type=http
2026-07-07T11:51:56Z ERR  error="stream 3493 canceled by remote with error code 0" connIndex=0 event=1 ingressRule=0 originService=http://localhost:5173
2026-07-07T11:51:56Z ERR  error="stream 3489 canceled by remote with error code 0" connIndex=0 event=1 ingressRule=0 originService=http://localhost:5173
2026-07-07T11:51:56Z ERR  error="stream 3513 canceled by remote with error code 0" connIndex=0 event=1 ingressRule=0 originService=http://localhost:5173
2026-07-07T11:51:56Z ERR Request failed error="stream 3513 canceled by remote with error code 0" connIndex=0 dest=https://leone-fought-other-ali.trycloudflare.com/src/pages/StudentRegister.jsx event=0 ip=2606:4700:a8::6 type=http
2026-07-07T11:51:56Z ERR  error="stream 3501 canceled by remote with error code 0" connIndex=0 event=1 ingressRule=0 originService=http://localhost:5173
2026-07-07T11:51:56Z ERR Request failed error="stream 3501 canceled by remote with error code 0" connIndex=0 dest=https://leone-fought-other-ali.trycloudflare.com/src/pages/LeaderboardPage.jsx event=0 ip=2606:4700:a8::6 type=http
2026-07-07T11:51:56Z ERR Request failed error="stream 3493 canceled by remote with error code 0" connIndex=0 dest=https://leone-fought-other-ali.trycloudflare.com/src/App.jsx event=0 ip=2606:4700:a8::6 type=http
2026-07-07T11:51:56Z ERR Request failed error="stream 3545 canceled by remote with error code 0" connIndex=0 dest=https://leone-fought-other-ali.trycloudflare.com/node_modules/.vite/deps/chunk-QJTFJ6OV.js?v=f8a816a8 event=0 ip=2606:4700:a8::6 type=http
2026-07-07T11:51:56Z ERR Request failed error="stream 3489 canceled by remote with error code 0" connIndex=0 dest=https://leone-fought-other-ali.trycloudflare.com/node_modules/.vite/deps/react_jsx-dev-runtime.js?v=f8a816a8 event=0 ip=2606:4700:a8::6 type=http
2026-07-07T11:51:57Z ERR  error="stream 2477 canceled by remote with error code 0" connIndex=0 event=1 ingressRule=0 originService=http://localhost:5173
2026-07-07T11:51:57Z ERR Request failed error="stream 2477 canceled by remote with error code 0" connIndex=0 dest=https://leone-fought-other-ali.trycloudflare.com/node_modules/.vite/deps/react-hook-form.js?v=f8a816a8 event=0 ip=2606:4700:a8::6 type=http
2026-07-07T11:51:58Z ERR  error="stream 2473 canceled by remote with error code 0" connIndex=0 event=1 ingressRule=0 originService=http://localhost:5173
2026-07-07T11:51:58Z ERR Request failed error="stream 2473 canceled by remote with error code 0" connIndex=0 dest=https://leone-fought-other-ali.trycloudflare.com/node_modules/.vite/deps/socket__io-client.js?v=f8a816a8 event=0 ip=2606:4700:a8::6 type=http
2026-07-07T11:51:58Z ERR  error="stream 2545 canceled by remote with error code 0" connIndex=0 event=1 ingressRule=0 originService=http://localhost:5173
2026-07-07T11:51:58Z ERR Request failed error="stream 2545 canceled by remote with error code 0" connIndex=0 dest=https://leone-fought-other-ali.trycloudflare.com/node_modules/.vite/deps/framer-motion.js?v=f8a816a8 event=0 ip=2606:4700:a8::6 type=http
2026-07-07T11:51:58Z ERR  error="stream 2549 canceled by remote with error code 0" connIndex=0 event=1 ingressRule=0 originService=http://localhost:5173
2026-07-07T11:51:58Z ERR Request failed error="stream 2549 canceled by remote with error code 0" connIndex=0 dest=https://leone-fought-other-ali.trycloudflare.com/@react-refresh event=0 ip=2606:4700:a8::6 type=http
2026-07-07T11:51:58Z ERR  error="stream 2553 canceled by remote with error code 0" connIndex=0 event=1 ingressRule=0 originService=http://localhost:5173
2026-07-07T11:51:58Z ERR Request failed error="stream 2553 canceled by remote with error code 0" connIndex=0 dest=https://leone-fought-other-ali.trycloudflare.com/@vite/client event=0 ip=2606:4700:a8::6 type=http
2026-07-07T11:51:59Z ERR  error="stream 2617 canceled by remote with error code 0" connIndex=0 event=1 ingressRule=0 originService=http://localhost:5173
2026-07-07T11:51:59Z ERR Request failed error="stream 2617 canceled by remote with error code 0" connIndex=0 dest=https://leone-fought-other-ali.trycloudflare.com/@vite/client event=0 ip=2606:4700:a8::6 type=http
2026-07-07T11:51:59Z ERR  error="stream 2653 canceled by remote with error code 0" connIndex=0 event=1 ingressRule=0 originService=http://localhost:5173
2026-07-07T11:51:59Z ERR Request failed error="stream 2653 canceled by remote with error code 0" connIndex=0 dest=https://leone-fought-other-ali.trycloudflare.com/src/pages/AdminDashboardSecure.jsx event=0 ip=2606:4700:a8::6 type=http
2026-07-07T11:52:00Z ERR  error="stream 2637 canceled by remote with error code 0" connIndex=0 event=1 ingressRule=0 originService=http://localhost:5173
2026-07-07T11:52:00Z ERR Request failed error="stream 2637 canceled by remote with error code 0" connIndex=0 dest=https://leone-fought-other-ali.trycloudflare.com/node_modules/.vite/deps/chunk-GKJBSOWT.js?v=f8a816a8 event=0 ip=2606:4700:a8::6 type=http
2026-07-07T11:52:00Z ERR  error="stream 2625 canceled by remote with error code 0" connIndex=0 event=1 ingressRule=0 originService=http://localhost:5173
2026-07-07T11:52:00Z ERR Request failed error="stream 2625 canceled by remote with error code 0" connIndex=0 dest=https://leone-fought-other-ali.trycloudflare.com/@react-refresh event=0 ip=2606:4700:a8::6 type=http
2026-07-07T11:52:00Z ERR  error="stream 2673 canceled by remote with error code 0" connIndex=0 event=1 ingressRule=0 originService=http://localhost:5173
2026-07-07T11:52:00Z ERR Request failed error="stream 2673 canceled by remote with error code 0" connIndex=0 dest=https://leone-fought-other-ali.trycloudflare.com/@vite/client event=0 ip=2606:4700:a8::6 type=http
2026-07-07T11:52:00Z ERR  error="stream 2677 canceled by remote with error code 0" connIndex=0 event=1 ingressRule=0 originService=http://localhost:5173
2026-07-07T11:52:00Z ERR Request failed error="stream 2677 canceled by remote with error code 0" connIndex=0 dest=https://leone-fought-other-ali.trycloudflare.com/@react-refresh event=0 ip=2606:4700:a8::6 type=http
2026-07-07T11:52:00Z ERR  error="stream 2633 canceled by remote with error code 0" connIndex=0 event=1 ingressRule=0 originService=http://localhost:5173
2026-07-07T11:52:00Z ERR Request failed error="stream 2633 canceled by remote with error code 0" connIndex=0 dest=https://leone-fought-other-ali.trycloudflare.com/node_modules/.vite/deps/react-router-dom.js?v=f8a816a8 event=0 ip=2606:4700:a8::6 type=http
2026-07-07T11:52:01Z ERR  error="stream 2697 canceled by remote with error code 0" connIndex=0 event=1 ingressRule=0 originService=http://localhost:5173
2026-07-07T11:52:01Z ERR Request failed error="stream 2697 canceled by remote with error code 0" connIndex=0 dest=https://leone-fought-other-ali.trycloudflare.com/src/pages/AdminDashboardSecure.jsx event=0 ip=2606:4700:a8::6 type=http
2026-07-07T11:52:01Z ERR  error="stream 2713 canceled by remote with error code 0" connIndex=0 event=1 ingressRule=0 originService=http://localhost:5173
2026-07-07T11:52:01Z ERR Request failed error="stream 2713 canceled by remote with error code 0" connIndex=0 dest=https://leone-fought-other-ali.trycloudflare.com/node_modules/.vite/deps/react-router-dom.js?v=f8a816a8 event=0 ip=2606:4700:a8::6 type=http
2026-07-07T11:52:03Z ERR  error="stream 1717 canceled by remote with error code 0" connIndex=0 event=1 ingressRule=0 originService=http://localhost:5173
2026-07-07T11:52:03Z ERR Request failed error="stream 1717 canceled by remote with error code 0" connIndex=0 dest=https://leone-fought-other-ali.trycloudflare.com/node_modules/.vite/deps/react-router-dom.js?v=f8a816a8 event=0 ip=2606:4700:a8::6 type=http
2026-07-07T11:52:03Z ERR  error="stream 2765 canceled by remote with error code 0" connIndex=0 event=1 ingressRule=0 originService=http://localhost:5173
2026-07-07T11:52:03Z ERR Request failed error="stream 2765 canceled by remote with error code 0" connIndex=0 dest=https://leone-fought-other-ali.trycloudflare.com/@vite/client event=0 ip=2606:4700:a8::6 type=http
2026-07-07T11:52:04Z ERR  error="stream 2773 canceled by remote with error code 0" connIndex=0 event=1 ingressRule=0 originService=http://localhost:5173
2026-07-07T11:52:04Z ERR Request failed error="stream 2773 canceled by remote with error code 0" connIndex=0 dest=https://leone-fought-other-ali.trycloudflare.com/@react-refresh event=0 ip=2606:4700:a8::6 type=http
2026-07-07T11:52:05Z ERR  error="stream 2837 canceled by remote with error code 0" connIndex=0 event=1 ingressRule=0 originService=http://localhost:5173
2026-07-07T11:52:05Z ERR Request failed error="stream 2837 canceled by remote with error code 0" connIndex=0 dest=https://leone-fought-other-ali.trycloudflare.com/node_modules/.vite/deps/react-router-dom.js?v=f8a816a8 event=0 ip=2606:4700:a8::6 type=http
2026-07-07T11:52:06Z ERR  error="stream 2841 canceled by remote with error code 0" connIndex=0 event=1 ingressRule=0 originService=http://localhost:5173
2026-07-07T11:52:06Z ERR Request failed error="stream 2841 canceled by remote with error code 0" connIndex=0 dest=https://leone-fought-other-ali.trycloudflare.com/src/pages/AdminDashboardSecure.jsx event=0 ip=2606:4700:a8::6 type=http
2026-07-07T11:52:06Z ERR  error="stream 1817 canceled by remote with error code 0" connIndex=0 event=1 ingressRule=0 originService=http://localhost:5173
2026-07-07T11:52:06Z ERR Request failed error="stream 1817 canceled by remote with error code 0" connIndex=0 dest=https://leone-fought-other-ali.trycloudflare.com/node_modules/.vite/deps/react-router-dom.js?v=f8a816a8 event=0 ip=2606:4700:a8::6 type=http
2026-07-07T11:52:07Z ERR  error="stream 2945 canceled by remote with error code 0" connIndex=0 event=1 ingressRule=0 originService=http://localhost:5173
2026-07-07T11:52:07Z ERR Request failed error="stream 2945 canceled by remote with error code 0" connIndex=0 dest=https://leone-fought-other-ali.trycloudflare.com/node_modules/.vite/deps/react-router-dom.js?v=f8a816a8 event=0 ip=2606:4700:a8::6 type=http
2026-07-07T11:52:08Z ERR  error="stream 2965 canceled by remote with error code 0" connIndex=0 event=1 ingressRule=0 originService=http://localhost:5173
2026-07-07T11:52:08Z ERR Request failed error="stream 2965 canceled by remote with error code 0" connIndex=0 dest=https://leone-fought-other-ali.trycloudflare.com/node_modules/.vite/deps/chunk-GKJBSOWT.js?v=f8a816a8 event=0 ip=2606:4700:a8::6 type=http
2026-07-07T11:52:09Z ERR  error="stream 2969 canceled by remote with error code 0" connIndex=0 event=1 ingressRule=0 originService=http://localhost:5173
2026-07-07T11:52:09Z ERR Request failed error="stream 2969 canceled by remote with error code 0" connIndex=0 dest=https://leone-fought-other-ali.trycloudflare.com/node_modules/.vite/deps/chunk-GKJBSOWT.js?v=f8a816a8 event=0 ip=2606:4700:a8::6 type=http
2026-07-07T11:52:13Z ERR  error="stream 3053 canceled by remote with error code 0" connIndex=0 event=1 ingressRule=0 originService=http://localhost:5173
2026-07-07T11:52:13Z ERR Request failed error="stream 3053 canceled by remote with error code 0" connIndex=0 dest=https://leone-fought-other-ali.trycloudflare.com/@react-refresh event=0 ip=2606:4700:a8::6 type=http
2026-07-07T11:52:13Z ERR  error="stream 3045 canceled by remote with error code 0" connIndex=0 event=1 ingressRule=0 originService=http://localhost:5173
2026-07-07T11:52:13Z ERR Request failed error="stream 3045 canceled by remote with error code 0" connIndex=0 dest=https://leone-fought-other-ali.trycloudflare.com/@vite/client event=0 ip=2606:4700:a8::6 type=http
2026-07-07T11:52:14Z ERR  error="stream 3069 canceled by remote with error code 0" connIndex=0 event=1 ingressRule=0 originService=http://localhost:5173
2026-07-07T11:52:14Z ERR Request failed error="stream 3069 canceled by remote with error code 0" connIndex=0 dest=https://leone-fought-other-ali.trycloudflare.com/node_modules/.vite/deps/react-router-dom.js?v=f8a816a8 event=0 ip=2606:4700:a8::6 type=http
2026-07-07T11:52:15Z ERR  error="stream 3077 canceled by remote with error code 0" connIndex=0 event=1 ingressRule=0 originService=http://localhost:5173
2026-07-07T11:52:15Z ERR Request failed error="stream 3077 canceled by remote with error code 0" connIndex=0 dest=https://leone-fought-other-ali.trycloudflare.com/src/pages/AdminDashboardSecure.jsx event=0 ip=2606:4700:a8::6 type=http
2026-07-07T11:52:15Z ERR  error="stream 3085 canceled by remote with error code 0" connIndex=0 event=1 ingressRule=0 originService=http://localhost:5173
2026-07-07T11:52:15Z ERR Request failed error="stream 3085 canceled by remote with error code 0" connIndex=0 dest=https://leone-fought-other-ali.trycloudflare.com/node_modules/.vite/deps/chunk-GKJBSOWT.js?v=f8a816a8 event=0 ip=2606:4700:a8::6 type=http
2026-07-07T11:52:17Z ERR  error="stream 2997 canceled by remote with error code 0" connIndex=0 event=1 ingressRule=0 originService=http://localhost:5173
2026-07-07T11:52:17Z ERR Request failed error="stream 2997 canceled by remote with error code 0" connIndex=0 dest=https://leone-fought-other-ali.trycloudflare.com/node_modules/.vite/deps/react-router-dom.js?v=f8a816a8 event=0 ip=2606:4700:a8::6 type=http
2026-07-07T11:52:17Z ERR  error="stream 2801 canceled by remote with error code 0" connIndex=0 event=1 ingressRule=0 originService=http://localhost:5173
2026-07-07T11:52:17Z ERR Request failed error="stream 2801 canceled by remote with error code 0" connIndex=0 dest=https://leone-fought-other-ali.trycloudflare.com/@vite/client event=0 ip=2606:4700:a8::6 type=http
2026-07-07T11:52:24Z ERR  error="stream 3441 canceled by remote with error code 0" connIndex=0 event=1 ingressRule=0 originService=http://localhost:5173
2026-07-07T11:52:24Z ERR Request failed error="stream 3441 canceled by remote with error code 0" connIndex=0 dest=https://leone-fought-other-ali.trycloudflare.com/@vite/client event=0 ip=2606:4700:a8::6 type=http
2026-07-07T11:52:25Z ERR  error="stream 3449 canceled by remote with error code 0" connIndex=0 event=1 ingressRule=0 originService=http://localhost:5173
2026-07-07T11:52:25Z ERR Request failed error="stream 3449 canceled by remote with error code 0" connIndex=0 dest=https://leone-fought-other-ali.trycloudflare.com/@react-refresh event=0 ip=2606:4700:a8::6 type=http
2026-07-07T11:52:25Z ERR  error="stream 3477 canceled by remote with error code 0" connIndex=0 event=1 ingressRule=0 originService=http://localhost:5173
2026-07-07T11:52:25Z ERR Request failed error="stream 3477 canceled by remote with error code 0" connIndex=0 dest=https://leone-fought-other-ali.trycloudflare.com/@react-refresh event=0 ip=2606:4700:a8::6 type=http
2026-07-07T11:52:25Z ERR  error="stream 3473 canceled by remote with error code 0" connIndex=0 event=1 ingressRule=0 originService=http://localhost:5173
2026-07-07T11:52:25Z ERR Request failed error="stream 3473 canceled by remote with error code 0" connIndex=0 dest=https://leone-fought-other-ali.trycloudflare.com/@vite/client event=0 ip=2606:4700:a8::6 type=http
2026-07-07T11:52:28Z ERR  error="stream 3565 canceled by remote with error code 0" connIndex=0 event=1 ingressRule=0 originService=http://localhost:5173
2026-07-07T11:52:28Z ERR Request failed error="stream 3565 canceled by remote with error code 0" connIndex=0 dest=https://leone-fought-other-ali.trycloudflare.com/node_modules/.vite/deps/react-router-dom.js?v=f8a816a8 event=0 ip=2606:4700:a8::6 type=http
2026-07-07T11:52:28Z ERR  error="stream 1561 canceled by remote with error code 0" connIndex=0 event=1 ingressRule=0 originService=http://localhost:5173
2026-07-07T11:52:28Z ERR Request failed error="stream 1561 canceled by remote with error code 0" connIndex=0 dest=https://leone-fought-other-ali.trycloudflare.com/node_modules/.vite/deps/chunk-GKJBSOWT.js?v=f8a816a8 event=0 ip=2606:4700:a8::6 type=http
2026-07-07T11:52:28Z ERR  error="stream 3193 canceled by remote with error code 0" connIndex=0 event=1 ingressRule=0 originService=http://localhost:5173
2026-07-07T11:52:28Z ERR Request failed error="stream 3193 canceled by remote with error code 0" connIndex=0 dest=https://leone-fought-other-ali.trycloudflare.com/node_modules/.vite/deps/framer-motion.js?v=f8a816a8 event=0 ip=2606:4700:a8::6 type=http
2026-07-07T11:52:31Z ERR  error="stream 3641 canceled by remote with error code 0" connIndex=0 event=1 ingressRule=0 originService=http://localhost:5173
2026-07-07T11:52:31Z ERR Request failed error="stream 3641 canceled by remote with error code 0" connIndex=0 dest=https://leone-fought-other-ali.trycloudflare.com/@vite/client event=0 ip=2606:4700:a8::6 type=http
2026-07-07T11:52:31Z ERR  error="stream 3689 canceled by remote with error code 0" connIndex=0 event=1 ingressRule=0 originService=http://localhost:5173
2026-07-07T11:52:31Z ERR Request failed error="stream 3689 canceled by remote with error code 0" connIndex=0 dest=https://leone-fought-other-ali.trycloudflare.com/node_modules/.vite/deps/chunk-GKJBSOWT.js?v=f8a816a8 event=0 ip=2606:4700:a8::6 type=http
2026-07-07T11:52:31Z ERR  error="stream 3681 canceled by remote with error code 0" connIndex=0 event=1 ingressRule=0 originService=http://localhost:5173
2026-07-07T11:52:31Z ERR Request failed error="stream 3681 canceled by remote with error code 0" connIndex=0 dest=https://leone-fought-other-ali.trycloudflare.com/node_modules/.vite/deps/react-router-dom.js?v=f8a816a8 event=0 ip=2606:4700:a8::6 type=http
2026-07-07T11:52:32Z ERR  error="stream 817 canceled by remote with error code 0" connIndex=0 event=1 ingressRule=0 originService=http://localhost:5173
2026-07-07T11:52:32Z ERR Request failed error="stream 817 canceled by remote with error code 0" connIndex=0 dest=https://leone-fought-other-ali.trycloudflare.com/node_modules/.vite/deps/chunk-GKJBSOWT.js?v=f8a816a8 event=0 ip=2606:4700:a8::6 type=http
2026-07-07T11:52:32Z ERR  error="stream 2449 canceled by remote with error code 0" connIndex=0 event=1 ingressRule=0 originService=http://localhost:5173
2026-07-07T11:52:32Z ERR Request failed error="stream 2449 canceled by remote with error code 0" connIndex=0 dest=https://leone-fought-other-ali.trycloudflare.com/node_modules/.vite/deps/framer-motion.js?v=f8a816a8 event=0 ip=2606:4700:a8::6 type=http
2026-07-07T11:52:34Z ERR  error="stream 665 canceled by remote with error code 0" connIndex=0 event=1 ingressRule=0 originService=http://localhost:5173
2026-07-07T11:52:34Z ERR Request failed error="stream 665 canceled by remote with error code 0" connIndex=0 dest=https://leone-fought-other-ali.trycloudflare.com/node_modules/.vite/deps/chunk-GKJBSOWT.js?v=f8a816a8 event=0 ip=2606:4700:a8::6 type=http
2026-07-07T11:52:36Z ERR  error="stream 257 canceled by remote with error code 0" connIndex=0 event=1 ingressRule=0 originService=http://localhost:5173
2026-07-07T11:52:36Z ERR Request failed error="stream 257 canceled by remote with error code 0" connIndex=0 dest=https://leone-fought-other-ali.trycloudflare.com/node_modules/.vite/deps/chunk-GKJBSOWT.js?v=f8a816a8 event=0 ip=2606:4700:a8::6 type=http
2026-07-07T11:52:36Z ERR  error="stream 1785 canceled by remote with error code 0" connIndex=0 event=1 ingressRule=0 originService=http://localhost:5173
2026-07-07T11:52:36Z ERR Request failed error="stream 1785 canceled by remote with error code 0" connIndex=0 dest=https://leone-fought-other-ali.trycloudflare.com/node_modules/.vite/deps/framer-motion.js?v=f8a816a8 event=0 ip=2606:4700:a8::6 type=http
2026-07-07T11:52:38Z ERR  error="stream 2929 canceled by remote with error code 0" connIndex=0 event=1 ingressRule=0 originService=http://localhost:5173
2026-07-07T11:52:38Z ERR Request failed error="stream 2929 canceled by remote with error code 0" connIndex=0 dest=https://leone-fought-other-ali.trycloudflare.com/node_modules/.vite/deps/chunk-GKJBSOWT.js?v=f8a816a8 event=0 ip=2606:4700:a8::6 type=http
2026-07-07T11:52:38Z ERR  error="stream 4609 canceled by remote with error code 0" connIndex=0 event=1 ingressRule=0 originService=http://localhost:5173
2026-07-07T11:52:38Z ERR Request failed error="stream 4609 canceled by remote with error code 0" connIndex=0 dest=https://leone-fought-other-ali.trycloudflare.com/node_modules/.vite/deps/framer-motion.js?v=f8a816a8 event=0 ip=2606:4700:a8::6 type=http
2026-07-07T11:52:38Z ERR  error="stream 3745 canceled by remote with error code 0" connIndex=0 event=1 ingressRule=0 originService=http://localhost:5173
2026-07-07T11:52:38Z ERR Request failed error="stream 3745 canceled by remote with error code 0" connIndex=0 dest=https://leone-fought-other-ali.trycloudflare.com/node_modules/.vite/deps/react-router-dom.js?v=f8a816a8 event=0 ip=2606:4700:a8::6 type=http
2026-07-07T11:52:38Z ERR  error="stream 3821 canceled by remote with error code 0" connIndex=0 event=1 ingressRule=0 originService=http://localhost:5173
2026-07-07T11:52:38Z ERR Request failed error="stream 3821 canceled by remote with error code 0" connIndex=0 dest=https://leone-fought-other-ali.trycloudflare.com/node_modules/.vite/deps/chunk-GKJBSOWT.js?v=f8a816a8 event=0 ip=2606:4700:a8::6 type=http
2026-07-07T11:52:38Z ERR  error="stream 3805 canceled by remote with error code 0" connIndex=0 event=1 ingressRule=0 originService=http://localhost:5173
2026-07-07T11:52:38Z ERR Request failed error="stream 3805 canceled by remote with error code 0" connIndex=0 dest=https://leone-fought-other-ali.trycloudflare.com/node_modules/.vite/deps/framer-motion.js?v=f8a816a8 event=0 ip=2606:4700:a8::6 type=http
2026-07-07T11:52:39Z ERR  error="stream 1081 canceled by remote with error code 0" connIndex=0 event=1 ingressRule=0 originService=http://localhost:5173
2026-07-07T11:52:39Z ERR  error="stream 2537 canceled by remote with error code 0" connIndex=0 event=1 ingressRule=0 originService=http://localhost:5173
2026-07-07T11:52:39Z ERR Request failed error="stream 2537 canceled by remote with error code 0" connIndex=0 dest=https://leone-fought-other-ali.trycloudflare.com/node_modules/.vite/deps/framer-motion.js?v=f8a816a8 event=0 ip=2606:4700:a8::6 type=http
2026-07-07T11:52:39Z ERR Request failed error="stream 1081 canceled by remote with error code 0" connIndex=0 dest=https://leone-fought-other-ali.trycloudflare.com/node_modules/.vite/deps/chunk-GKJBSOWT.js?v=f8a816a8 event=0 ip=2606:4700:a8::6 type=http
2026-07-07T11:52:43Z ERR  error="stream 3977 canceled by remote with error code 0" connIndex=0 event=1 ingressRule=0 originService=http://localhost:5173
2026-07-07T11:52:43Z ERR Request failed error="stream 3977 canceled by remote with error code 0" connIndex=0 dest=https://leone-fought-other-ali.trycloudflare.com/node_modules/.vite/deps/react-router-dom.js?v=f8a816a8 event=0 ip=2606:4700:a8::6 type=http
2026-07-07T11:52:43Z ERR  error="stream 4029 canceled by remote with error code 0" connIndex=0 event=1 ingressRule=0 originService=http://localhost:5173
2026-07-07T11:52:43Z ERR Request failed error="stream 4029 canceled by remote with error code 0" connIndex=0 dest=https://leone-fought-other-ali.trycloudflare.com/node_modules/.vite/deps/react-router-dom.js?v=f8a816a8 event=0 ip=2606:4700:a8::6 type=http
2026-07-07T11:52:44Z ERR  error="stream 4025 canceled by remote with error code 0" connIndex=0 event=1 ingressRule=0 originService=http://localhost:5173
2026-07-07T11:52:44Z ERR Request failed error="stream 4025 canceled by remote with error code 0" connIndex=0 dest=https://leone-fought-other-ali.trycloudflare.com/node_modules/.vite/deps/framer-motion.js?v=f8a816a8 event=0 ip=2606:4700:a8::6 type=http
2026-07-07T11:52:44Z ERR  error="stream 4037 canceled by remote with error code 0" connIndex=0 event=1 ingressRule=0 originService=http://localhost:5173
2026-07-07T11:52:44Z ERR Request failed error="stream 4037 canceled by remote with error code 0" connIndex=0 dest=https://leone-fought-other-ali.trycloudflare.com/node_modules/.vite/deps/chunk-GKJBSOWT.js?v=f8a816a8 event=0 ip=2606:4700:a8::6 type=http
2026-07-07T11:52:45Z ERR  error="stream 4117 canceled by remote with error code 0" connIndex=0 event=1 ingressRule=0 originService=http://localhost:5173
2026-07-07T11:52:45Z ERR Request failed error="stream 4117 canceled by remote with error code 0" connIndex=0 dest=https://leone-fought-other-ali.trycloudflare.com/node_modules/.vite/deps/chunk-GKJBSOWT.js?v=f8a816a8 event=0 ip=2606:4700:a8::6 type=http
2026-07-07T11:52:53Z ERR  error="stream 3293 canceled by remote with error code 0" connIndex=0 event=1 ingressRule=0 originService=http://localhost:5173
2026-07-07T11:52:53Z ERR Request failed error="stream 3293 canceled by remote with error code 0" connIndex=0 dest=https://leone-fought-other-ali.trycloudflare.com/node_modules/.vite/deps/chunk-GKJBSOWT.js?v=f8a816a8 event=0 ip=2606:4700:a8::6 type=http
2026-07-07T11:52:55Z ERR  error="stream 4269 canceled by remote with error code 0" connIndex=0 event=1 ingressRule=0 originService=http://localhost:5173
2026-07-07T11:52:55Z ERR Request failed error="stream 4269 canceled by remote with error code 0" connIndex=0 dest=https://leone-fought-other-ali.trycloudflare.com/node_modules/.vite/deps/chunk-GKJBSOWT.js?v=f8a816a8 event=0 ip=2606:4700:a8::6 type=http
2026-07-07T11:52:56Z ERR  error="stream 4321 canceled by remote with error code 0" connIndex=0 event=1 ingressRule=0 originService=http://localhost:5173
2026-07-07T11:52:56Z ERR Request failed error="stream 4321 canceled by remote with error code 0" connIndex=0 dest=https://leone-fought-other-ali.trycloudflare.com/node_modules/.vite/deps/chunk-GKJBSOWT.js?v=f8a816a8 event=0 ip=2606:4700:a8::6 type=http
2026-07-07T11:53:08Z ERR  error="stream 4573 canceled by remote with error code 0" connIndex=0 event=1 ingressRule=0 originService=http://localhost:5173
2026-07-07T11:53:08Z ERR Request failed error="stream 4573 canceled by remote with error code 0" connIndex=0 dest=https://leone-fought-other-ali.trycloudflare.com/node_modules/.vite/deps/chunk-GKJBSOWT.js?v=f8a816a8 event=0 ip=2606:4700:a8::6 type=http
2026-07-07T11:53:09Z ERR  error="stream 4677 canceled by remote with error code 0" connIndex=0 event=1 ingressRule=0 originService=http://localhost:5173
2026-07-07T11:53:09Z ERR Request failed error="stream 4677 canceled by remote with error code 0" connIndex=0 dest=https://leone-fought-other-ali.trycloudflare.com/node_modules/.vite/deps/chunk-GKJBSOWT.js?v=f8a816a8 event=0 ip=2606:4700:a8::6 type=http
